==================================== INPUT ====================================
query RelayReaderNamedFragmentsTest2Query {
  me {
    id
    ... @alias(as: "aliased_fragment") {
      name
    }
  }
}
==================================== OUTPUT ===================================
query RelayReaderNamedFragmentsTest2Query {
  me {
    id
    ... @alias(as: "aliased_fragment") @__FragmentAliasMetadata
    # FragmentAliasMetadata {
    #     alias: WithLocation {
    #         location: aliased_inline_fragment_without_type_condition.graphql:66:72,
    #         item: "aliased_fragment",
    #     },
    #     type_condition: None,
    #     non_nullable: true,
    #     selection_type: Object(70),
    # }
     {
      name
    }
  }
}
