==================================== INPUT ====================================
query RelayReaderNamedFragmentsTest2Query {
  me {
    id
    ... on User @alias(as: "aliased_fragment") {
      name
    }
  }
}
==================================== OUTPUT ===================================
query RelayReaderNamedFragmentsTest2Query {
  me {
    id
    ... on User @alias(as: "aliased_fragment") @__FragmentAliasMetadata
    # FragmentAliasMetadata {
    #     alias: WithLocation {
    #         location: aliased_inline_fragment.graphql:74:80,
    #         item: "aliased_fragment",
    #     },
    #     type_condition: Some(
    #         Object(70),
    #     ),
    #     non_nullable: true,
    #     selection_type: Object(70),
    # }
     {
      name
    }
  }
}
