==================================== INPUT ====================================
# expected-to-throw
fragment RelayReaderNamedFragmentsTest_user on User {
  name
}

query RelayReaderNamedFragmentsTest2Query($someCondition: Boolean!) {
  me {
    # This might not match!
    ...RelayReaderNamedFragmentsTest_user @skip(if: $someCondition)
  }
}
==================================== ERROR ====================================
✖︎ Expected to find @alias directive. Fragments which are conditionally fetched using @skip or @include must also use @alias.

  skip_fragment_spread_without_alias.invalid.graphql:9:43
    8 │     # This might not match!
    9 │     ...RelayReaderNamedFragmentsTest_user @skip(if: $someCondition)
      │                                           ^^^^^
   10 │   }
