==================================== INPUT ====================================
query connectionNameMatchesFragmentQuery {
  ...connectionNameMatchesFragmentFragment
}

fragment connectionNameMatchesFragmentFragment on Query 
@argumentDefinitions(first: { type: "Int", defaultValue: 2 }, after: { type: "ID" })
  # This name matches the parent fragment, which violates an invariant that every
  # query/fragment have a unique name.
  @refetchable(queryName: "connectionNameMatchesFragmentFragment") {
  node(id: "4") {
    id
    ... on Story {
      comments(first: $first, after: $after) @connection(key: "NodeQuery_comments") {
        edges {
          node {
            id
          }
        }
      }
    }
  }
}
==================================== OUTPUT ===================================
{
  "fragment": {
    "argumentDefinitions": [
      {
        "defaultValue": null,
        "kind": "LocalArgument",
        "name": "after"
      },
      {
        "defaultValue": 2,
        "kind": "LocalArgument",
        "name": "first"
      }
    ],
    "kind": "Fragment",
    "metadata": null,
    "name": "connectionNameMatchesFragmentFragment",
    "selections": [
      {
        "args": [
          {
            "kind": "Variable",
            "name": "after",
            "variableName": "after"
          },
          {
            "kind": "Variable",
            "name": "first",
            "variableName": "first"
          }
        ],
        "kind": "FragmentSpread",
        "name": "connectionNameMatchesFragmentFragment"
      }
    ],
    "type": "Query",
    "abstractKey": null
  },
  "kind": "Request",
  "operation": {
    "argumentDefinitions": [
      {
        "defaultValue": null,
        "kind": "LocalArgument",
        "name": "after"
      },
      {
        "defaultValue": 2,
        "kind": "LocalArgument",
        "name": "first"
      }
    ],
    "kind": "Operation",
    "name": "connectionNameMatchesFragmentFragment",
    "selections": [
      {
        "alias": null,
        "args": [
          {
            "kind": "Literal",
            "name": "id",
            "value": "4"
          }
        ],
        "concreteType": null,
        "kind": "LinkedField",
        "name": "node",
        "plural": false,
        "selections": [
          {
            "alias": null,
            "args": null,
            "kind": "ScalarField",
            "name": "__typename",
            "storageKey": null
          },
          {
            "alias": null,
            "args": null,
            "kind": "ScalarField",
            "name": "id",
            "storageKey": null
          },
          {
            "kind": "InlineFragment",
            "selections": [
              {
                "alias": null,
                "args": [
                  {
                    "kind": "Variable",
                    "name": "after",
                    "variableName": "after"
                  },
                  {
                    "kind": "Variable",
                    "name": "first",
                    "variableName": "first"
                  }
                ],
                "concreteType": "CommentsConnection",
                "kind": "LinkedField",
                "name": "comments",
                "plural": false,
                "selections": [
                  {
                    "alias": null,
                    "args": null,
                    "concreteType": "CommentsEdge",
                    "kind": "LinkedField",
                    "name": "edges",
                    "plural": true,
                    "selections": [
                      {
                        "alias": null,
                        "args": null,
                        "concreteType": "Comment",
                        "kind": "LinkedField",
                        "name": "node",
                        "plural": false,
                        "selections": [
                          {
                            "alias": null,
                            "args": null,
                            "kind": "ScalarField",
                            "name": "id",
                            "storageKey": null
                          },
                          {
                            "alias": null,
                            "args": null,
                            "kind": "ScalarField",
                            "name": "__typename",
                            "storageKey": null
                          }
                        ],
                        "storageKey": null
                      },
                      {
                        "alias": null,
                        "args": null,
                        "kind": "ScalarField",
                        "name": "cursor",
                        "storageKey": null
                      }
                    ],
                    "storageKey": null
                  },
                  {
                    "alias": null,
                    "args": null,
                    "concreteType": "PageInfo",
                    "kind": "LinkedField",
                    "name": "pageInfo",
                    "plural": false,
                    "selections": [
                      {
                        "alias": null,
                        "args": null,
                        "kind": "ScalarField",
                        "name": "endCursor",
                        "storageKey": null
                      },
                      {
                        "alias": null,
                        "args": null,
                        "kind": "ScalarField",
                        "name": "hasNextPage",
                        "storageKey": null
                      }
                    ],
                    "storageKey": null
                  }
                ],
                "storageKey": null
              },
              {
                "alias": null,
                "args": [
                  {
                    "kind": "Variable",
                    "name": "after",
                    "variableName": "after"
                  },
                  {
                    "kind": "Variable",
                    "name": "first",
                    "variableName": "first"
                  }
                ],
                "filters": null,
                "handle": "connection",
                "key": "NodeQuery_comments",
                "kind": "LinkedHandle",
                "name": "comments"
              }
            ],
            "type": "Story",
            "abstractKey": null
          }
        ],
        "storageKey": "node(id:\"4\")"
      }
    ]
  },
  "params": {
    "cacheID": "77bd7b7fadee8edf946031c0917bf076",
    "id": null,
    "metadata": {},
    "name": "connectionNameMatchesFragmentFragment",
    "operationKind": "query",
    "text": null
  }
}

QUERY:

query connectionNameMatchesFragmentFragment(
  $after: ID
  $first: Int = 2
) {
  ...connectionNameMatchesFragmentFragment_2HEEH6
}

fragment connectionNameMatchesFragmentFragment_2HEEH6 on Query {
  node(id: "4") {
    __typename
    id
    ... on Story {
      comments(first: $first, after: $after) {
        edges {
          node {
            id
            __typename
          }
          cursor
        }
        pageInfo {
          endCursor
          hasNextPage
        }
      }
    }
  }
}


{
  "fragment": {
    "argumentDefinitions": [],
    "kind": "Fragment",
    "metadata": null,
    "name": "connectionNameMatchesFragmentQuery",
    "selections": [
      {
        "args": null,
        "kind": "FragmentSpread",
        "name": "connectionNameMatchesFragmentFragment"
      }
    ],
    "type": "Query",
    "abstractKey": null
  },
  "kind": "Request",
  "operation": {
    "argumentDefinitions": [],
    "kind": "Operation",
    "name": "connectionNameMatchesFragmentQuery",
    "selections": [
      {
        "alias": null,
        "args": [
          {
            "kind": "Literal",
            "name": "id",
            "value": "4"
          }
        ],
        "concreteType": null,
        "kind": "LinkedField",
        "name": "node",
        "plural": false,
        "selections": [
          {
            "alias": null,
            "args": null,
            "kind": "ScalarField",
            "name": "__typename",
            "storageKey": null
          },
          {
            "alias": null,
            "args": null,
            "kind": "ScalarField",
            "name": "id",
            "storageKey": null
          },
          {
            "kind": "InlineFragment",
            "selections": [
              {
                "alias": null,
                "args": [
                  {
                    "kind": "Literal",
                    "name": "first",
                    "value": 2
                  }
                ],
                "concreteType": "CommentsConnection",
                "kind": "LinkedField",
                "name": "comments",
                "plural": false,
                "selections": [
                  {
                    "alias": null,
                    "args": null,
                    "concreteType": "CommentsEdge",
                    "kind": "LinkedField",
                    "name": "edges",
                    "plural": true,
                    "selections": [
                      {
                        "alias": null,
                        "args": null,
                        "concreteType": "Comment",
                        "kind": "LinkedField",
                        "name": "node",
                        "plural": false,
                        "selections": [
                          {
                            "alias": null,
                            "args": null,
                            "kind": "ScalarField",
                            "name": "id",
                            "storageKey": null
                          },
                          {
                            "alias": null,
                            "args": null,
                            "kind": "ScalarField",
                            "name": "__typename",
                            "storageKey": null
                          }
                        ],
                        "storageKey": null
                      },
                      {
                        "alias": null,
                        "args": null,
                        "kind": "ScalarField",
                        "name": "cursor",
                        "storageKey": null
                      }
                    ],
                    "storageKey": null
                  },
                  {
                    "alias": null,
                    "args": null,
                    "concreteType": "PageInfo",
                    "kind": "LinkedField",
                    "name": "pageInfo",
                    "plural": false,
                    "selections": [
                      {
                        "alias": null,
                        "args": null,
                        "kind": "ScalarField",
                        "name": "endCursor",
                        "storageKey": null
                      },
                      {
                        "alias": null,
                        "args": null,
                        "kind": "ScalarField",
                        "name": "hasNextPage",
                        "storageKey": null
                      }
                    ],
                    "storageKey": null
                  }
                ],
                "storageKey": "comments(first:2)"
              },
              {
                "alias": null,
                "args": [
                  {
                    "kind": "Literal",
                    "name": "first",
                    "value": 2
                  }
                ],
                "filters": null,
                "handle": "connection",
                "key": "NodeQuery_comments",
                "kind": "LinkedHandle",
                "name": "comments"
              }
            ],
            "type": "Story",
            "abstractKey": null
          }
        ],
        "storageKey": "node(id:\"4\")"
      }
    ]
  },
  "params": {
    "cacheID": "6a1f1d6e57db7197e17decd6c2039740",
    "id": null,
    "metadata": {},
    "name": "connectionNameMatchesFragmentQuery",
    "operationKind": "query",
    "text": null
  }
}

QUERY:

query connectionNameMatchesFragmentQuery {
  ...connectionNameMatchesFragmentFragment
}

fragment connectionNameMatchesFragmentFragment on Query {
  node(id: "4") {
    __typename
    id
    ... on Story {
      comments(first: 2) {
        edges {
          node {
            id
            __typename
          }
          cursor
        }
        pageInfo {
          endCursor
          hasNextPage
        }
      }
    }
  }
}


{
  "argumentDefinitions": [
    {
      "defaultValue": null,
      "kind": "LocalArgument",
      "name": "after"
    },
    {
      "defaultValue": 2,
      "kind": "LocalArgument",
      "name": "first"
    }
  ],
  "kind": "Fragment",
  "metadata": {
    "connection": [
      {
        "count": "first",
        "cursor": "after",
        "direction": "forward",
        "path": [
          "node",
          "comments"
        ]
      }
    ],
    "refetch": {
      "connection": {
        "forward": {
          "count": "first",
          "cursor": "after"
        },
        "backward": null,
        "path": [
          "node",
          "comments"
        ]
      },
      "fragmentPathInResult": [],
      "operation": require('connectionNameMatchesFragmentFragment.graphql')
    }
  },
  "name": "connectionNameMatchesFragmentFragment",
  "selections": [
    {
      "alias": null,
      "args": [
        {
          "kind": "Literal",
          "name": "id",
          "value": "4"
        }
      ],
      "concreteType": null,
      "kind": "LinkedField",
      "name": "node",
      "plural": false,
      "selections": [
        {
          "alias": null,
          "args": null,
          "kind": "ScalarField",
          "name": "id",
          "storageKey": null
        },
        {
          "kind": "InlineFragment",
          "selections": [
            {
              "alias": "comments",
              "args": null,
              "concreteType": "CommentsConnection",
              "kind": "LinkedField",
              "name": "__NodeQuery_comments_connection",
              "plural": false,
              "selections": [
                {
                  "alias": null,
                  "args": null,
                  "concreteType": "CommentsEdge",
                  "kind": "LinkedField",
                  "name": "edges",
                  "plural": true,
                  "selections": [
                    {
                      "alias": null,
                      "args": null,
                      "concreteType": "Comment",
                      "kind": "LinkedField",
                      "name": "node",
                      "plural": false,
                      "selections": [
                        {
                          "alias": null,
                          "args": null,
                          "kind": "ScalarField",
                          "name": "id",
                          "storageKey": null
                        },
                        {
                          "alias": null,
                          "args": null,
                          "kind": "ScalarField",
                          "name": "__typename",
                          "storageKey": null
                        }
                      ],
                      "storageKey": null
                    },
                    {
                      "alias": null,
                      "args": null,
                      "kind": "ScalarField",
                      "name": "cursor",
                      "storageKey": null
                    }
                  ],
                  "storageKey": null
                },
                {
                  "alias": null,
                  "args": null,
                  "concreteType": "PageInfo",
                  "kind": "LinkedField",
                  "name": "pageInfo",
                  "plural": false,
                  "selections": [
                    {
                      "alias": null,
                      "args": null,
                      "kind": "ScalarField",
                      "name": "endCursor",
                      "storageKey": null
                    },
                    {
                      "alias": null,
                      "args": null,
                      "kind": "ScalarField",
                      "name": "hasNextPage",
                      "storageKey": null
                    }
                  ],
                  "storageKey": null
                }
              ],
              "storageKey": null
            }
          ],
          "type": "Story",
          "abstractKey": null
        }
      ],
      "storageKey": "node(id:\"4\")"
    }
  ],
  "type": "Query",
  "abstractKey": null
}
