==================================== INPUT ====================================
mutation MutationFoo @catch(to: RESULT) {
  unfriend(input: {friendId: "1"}) {
    formerFriend {
      name
    }
  }
}
==================================== OUTPUT ===================================
mutation MutationFoo @catch(to: RESULT) @__CatchMetadataDirective
# CatchMetadataDirective {
#     to: Result,
#     path: "",
# }
 {
  unfriend(input: {friendId: "1"}) {
    formerFriend {
      name
    }
  }
}
