==================================== INPUT ====================================
# expected-to-throw

type User {
  id: ID
}

interface Page implements User {
  id: ID
}
==================================== ERROR ====================================
✖︎ Expected an interface type for name 'User', got an object.

  <generated>:7:27
    6 │ 
    7 │ interface Page implements User {
      │                           ^^^^
    8 │   id: ID

  ℹ︎ the other type is defined here

  <generated>:3:6
    2 │ 
    3 │ type User {
      │      ^^^^
    4 │   id: ID
